[2025-10-17 18:03:59] [INFO] 
======================================================================
[2025-10-17 18:03:59] [INFO] PALMED CLINIC ERP - SCHEMA MIGRATION STARTED
[2025-10-17 18:03:59] [INFO] ======================================================================
[2025-10-17 18:03:59] [INFO] Timestamp: 2025-10-17 18:03:59.252574
[2025-10-17 18:03:59] [INFO] Database: palmed_clinic_erp
[2025-10-17 18:03:59] [INFO] Host: db-polmed.mysql.database.azure.com
[2025-10-17 18:03:59] [INFO] Connecting to Azure MySQL database...
[2025-10-17 18:03:59] [INFO] Host: db-polmed.mysql.database.azure.com
[2025-10-17 18:03:59] [INFO] Database: palmed_clinic_erp
[2025-10-17 18:03:59] [SUCCESS] ✅ Connected to Azure MySQL successfully!
[2025-10-17 18:03:59] [SUCCESS] ✅ patient_appointments table found
[2025-10-17 18:03:59] [INFO] Retrieving current table structure...
[2025-10-17 18:04:00] [INFO] Found 15 columns in table
[2025-10-17 18:04:00] [INFO] 
----------------------------------------------------------------------
[2025-10-17 18:04:00] [INFO] APPLYING SCHEMA FIXES
[2025-10-17 18:04:00] [INFO] ----------------------------------------------------------------------
[2025-10-17 18:04:00] [INFO] Executing: Make patient_id nullable
[2025-10-17 18:04:00] [SUCCESS] ✅ Make patient_id nullable - SUCCESS (rows affected: 0)
[2025-10-17 18:04:00] [INFO] Executing: Make booking_reference nullable
[2025-10-17 18:04:00] [SUCCESS] ✅ Make booking_reference nullable - SUCCESS (rows affected: 0)
[2025-10-17 18:04:00] [INFO] Executing: Make route_location_id NOT NULL
[2025-10-17 18:04:00] [SUCCESS] ✅ Make route_location_id NOT NULL - SUCCESS (rows affected: 0)
[2025-10-17 18:04:00] [INFO] Executing: Fix status ENUM values
[2025-10-17 18:04:00] [SUCCESS] ✅ Fix status ENUM values - SUCCESS (rows affected: 0)
[2025-10-17 18:04:00] [INFO] Executing: Fix appointment_duration default
[2025-10-17 18:04:00] [ERROR] ❌ Query failed: Fix appointment_duration default
Error 1054: 1054 (42S22): Unknown column 'appointment_duration' in 'patient_appointments'
[2025-10-17 18:04:00] [INFO] ⏭️ Index idx_route_location_id already exists
[2025-10-17 18:04:00] [INFO] ⏭️ Index idx_appointment_date already exists
[2025-10-17 18:04:00] [INFO] ⏭️ Index idx_status already exists
[2025-10-17 18:04:00] [INFO] ⏭️ Index idx_patient_id already exists
[2025-10-17 18:04:00] [INFO] ⏭️ Index idx_route_location_status already exists
[2025-10-17 18:04:00] [INFO] ⏭️ Index idx_appointment_date_status already exists
[2025-10-17 18:04:00] [INFO] ⏭️ Unique constraint on booking_reference already exists
[2025-10-17 18:04:00] [INFO] Executing: Disable FK checks
[2025-10-17 18:04:00] [SUCCESS] ✅ Disable FK checks - SUCCESS (rows affected: 0)
[2025-10-17 18:04:01] [INFO] ⏭️ FK to route_locations already exists
[2025-10-17 18:04:01] [INFO] ⏭️ FK to patients already exists
[2025-10-17 18:04:01] [INFO] ⏭️ FK to users (created_by) already exists
[2025-10-17 18:04:01] [INFO] Executing: Enable FK checks
[2025-10-17 18:04:01] [SUCCESS] ✅ Enable FK checks - SUCCESS (rows affected: 0)
[2025-10-17 18:04:01] [INFO] 
----------------------------------------------------------------------
[2025-10-17 18:04:01] [INFO] FIXING EXISTING DATA
[2025-10-17 18:04:01] [INFO] ----------------------------------------------------------------------
[2025-10-17 18:04:01] [INFO] Executing: Fix invalid status values
[2025-10-17 18:04:01] [SUCCESS] ✅ Fix invalid status values - SUCCESS (rows affected: 0)
[2025-10-17 18:04:01] [INFO] Executing: Clean empty booking_references
[2025-10-17 18:04:01] [SUCCESS] ✅ Clean empty booking_references - SUCCESS (rows affected: 0)
[2025-10-17 18:04:01] [INFO] Executing: Clean empty notes
[2025-10-17 18:04:01] [SUCCESS] ✅ Clean empty notes - SUCCESS (rows affected: 0)
[2025-10-17 18:04:01] [INFO] 
======================================================================
[2025-10-17 18:04:01] [INFO] DATA INTEGRITY CHECKS
[2025-10-17 18:04:01] [INFO] ======================================================================
[2025-10-17 18:04:01] [SUCCESS] ✅ Orphaned route_locations: OK
[2025-10-17 18:04:01] [SUCCESS] ✅ Orphaned patients: OK
[2025-10-17 18:04:01] [SUCCESS] ✅ Orphaned users (created_by): OK
[2025-10-17 18:04:01] [SUCCESS] ✅ Duplicate booking_references: OK
[2025-10-17 18:04:01] [SUCCESS] ✅ Appointments without route_location: OK
[2025-10-17 18:04:01] [INFO] 
======================================================================
[2025-10-17 18:04:01] [INFO] FINAL TABLE STRUCTURE
[2025-10-17 18:04:01] [INFO] ======================================================================
[2025-10-17 18:04:01] [INFO] 
Total columns: 15

[2025-10-17 18:04:01] [INFO]   id                             int                            NOT NULL                        
[2025-10-17 18:04:01] [INFO]   patient_id                     int                            NULL                            -- NULL until appointment is booked
[2025-10-17 18:04:01] [INFO]   route_location_id              int                            NOT NULL                        -- REQUIRED - links to route_locations
[2025-10-17 18:04:01] [INFO]   appointment_date               date                           NOT NULL                        
[2025-10-17 18:04:01] [INFO]   appointment_time               time                           NULL       DEFAULT 09:00:00     
[2025-10-17 18:04:01] [INFO]   booking_reference              varchar(50)                    NULL                            -- NULL until booking confirmed
[2025-10-17 18:04:01] [INFO]   status                         enum('Available','Booked','Confirmed','Completed','Cancelled','NoShow') NOT NULL   DEFAULT Available    -- Appointment status
[2025-10-17 18:04:01] [INFO]   appointment_type               varchar(100)                   NULL                            
[2025-10-17 18:04:01] [INFO]   created_by                     int                            NULL                            
[2025-10-17 18:04:01] [INFO]   notes                          text                           NULL                            
[2025-10-17 18:04:01] [INFO]   booked_via_portal              tinyint(1)                     NULL       DEFAULT 0            
[2025-10-17 18:04:01] [INFO]   confirmation_sent              tinyint(1)                     NULL       DEFAULT 0            
[2025-10-17 18:04:01] [INFO]   reminder_sent                  tinyint(1)                     NULL       DEFAULT 0            
[2025-10-17 18:04:01] [INFO]   created_at                     timestamp                      NULL       DEFAULT CURRENT_TIMESTAMP 
[2025-10-17 18:04:01] [INFO]   updated_at                     timestamp                      NULL       DEFAULT CURRENT_TIMESTAMP 
[2025-10-17 18:04:01] [INFO] 
======================================================================
[2025-10-17 18:04:01] [INFO] TABLE STATISTICS
[2025-10-17 18:04:01] [INFO] ======================================================================
[2025-10-17 18:04:01] [INFO]   Total appointments                  : 0
[2025-10-17 18:04:01] [INFO]   Available slots                     : 0
[2025-10-17 18:04:01] [INFO]   Booked appointments                 : 0
[2025-10-17 18:04:01] [INFO]   With booking reference              : 0
[2025-10-17 18:04:01] [INFO]   Without booking reference           : 0
[2025-10-17 18:04:01] [SUCCESS] 
======================================================================
[2025-10-17 18:04:01] [SUCCESS] MIGRATION COMPLETED SUCCESSFULLY! ✅
[2025-10-17 18:04:01] [SUCCESS] Operations completed: 9
[2025-10-17 18:04:01] [WARNING] Errors encountered: 1
[2025-10-17 18:04:01] [WARNING]   - Query failed: Fix appointment_duration default
Error 1054: 1054 (42S22): Unknown column 'appointment_duration' in 'patient_appointments'
[2025-10-17 18:04:01] [SUCCESS] ======================================================================
[2025-10-17 18:04:01] [INFO] Log file: schema_migration_20251017_180359.log
[2025-10-17 18:04:01] [INFO] Disconnected from database
