[2025-10-17 18:03:14] [INFO] 
======================================================================
[2025-10-17 18:03:14] [INFO] PALMED CLINIC ERP - SCHEMA MIGRATION STARTED
[2025-10-17 18:03:14] [INFO] ======================================================================
[2025-10-17 18:03:14] [INFO] Timestamp: 2025-10-17 18:03:14.202485
[2025-10-17 18:03:14] [INFO] Database: palmed_clinic_erp
[2025-10-17 18:03:14] [INFO] Host: db-polmed.mysql.database.azure.com
[2025-10-17 18:03:14] [INFO] Connecting to Azure MySQL database...
[2025-10-17 18:03:14] [INFO] Host: db-polmed.mysql.database.azure.com
[2025-10-17 18:03:14] [INFO] Database: palmed_clinic_erp
[2025-10-17 18:03:14] [SUCCESS] ✅ Connected to Azure MySQL successfully!
[2025-10-17 18:03:14] [SUCCESS] ✅ patient_appointments table found
[2025-10-17 18:03:14] [INFO] Retrieving current table structure...
[2025-10-17 18:03:14] [INFO] Found 15 columns in table
[2025-10-17 18:03:14] [INFO] 
----------------------------------------------------------------------
[2025-10-17 18:03:14] [INFO] APPLYING SCHEMA FIXES
[2025-10-17 18:03:14] [INFO] ----------------------------------------------------------------------
[2025-10-17 18:03:14] [INFO] Executing: Make patient_id nullable
[2025-10-17 18:03:15] [SUCCESS] ✅ Make patient_id nullable - SUCCESS (rows affected: 0)
[2025-10-17 18:03:15] [INFO] Executing: Make booking_reference nullable
[2025-10-17 18:03:15] [SUCCESS] ✅ Make booking_reference nullable - SUCCESS (rows affected: 0)
[2025-10-17 18:03:15] [INFO] Executing: Make route_location_id NOT NULL
[2025-10-17 18:03:15] [SUCCESS] ✅ Make route_location_id NOT NULL - SUCCESS (rows affected: 0)
[2025-10-17 18:03:15] [INFO] Executing: Fix status ENUM values
[2025-10-17 18:03:16] [SUCCESS] ✅ Fix status ENUM values - SUCCESS (rows affected: 0)
[2025-10-17 18:03:16] [INFO] Executing: Fix appointment_duration default
[2025-10-17 18:03:16] [ERROR] ❌ Query failed: Fix appointment_duration default
Error 1054: 1054 (42S22): Unknown column 'appointment_duration' in 'patient_appointments'
[2025-10-17 18:03:16] [INFO] Executing: Add index: idx_route_location_id
[2025-10-17 18:03:16] [SUCCESS] ✅ Add index: idx_route_location_id - SUCCESS (rows affected: 0)
[2025-10-17 18:03:16] [INFO] Executing: Add index: idx_appointment_date
[2025-10-17 18:03:16] [SUCCESS] ✅ Add index: idx_appointment_date - SUCCESS (rows affected: 0)
[2025-10-17 18:03:16] [INFO] Executing: Add index: idx_status
[2025-10-17 18:03:16] [SUCCESS] ✅ Add index: idx_status - SUCCESS (rows affected: 0)
[2025-10-17 18:03:16] [INFO] Executing: Add index: idx_patient_id
[2025-10-17 18:03:16] [SUCCESS] ✅ Add index: idx_patient_id - SUCCESS (rows affected: 0)
[2025-10-17 18:03:16] [INFO] Executing: Add index: idx_route_location_status
[2025-10-17 18:03:17] [SUCCESS] ✅ Add index: idx_route_location_status - SUCCESS (rows affected: 0)
[2025-10-17 18:03:17] [INFO] Executing: Add index: idx_appointment_date_status
[2025-10-17 18:03:17] [SUCCESS] ✅ Add index: idx_appointment_date_status - SUCCESS (rows affected: 0)
[2025-10-17 18:03:17] [INFO] Executing: Add unique constraint on booking_reference
[2025-10-17 18:03:17] [SUCCESS] ✅ Add unique constraint on booking_reference - SUCCESS (rows affected: 0)
[2025-10-17 18:03:17] [INFO] Executing: Disable FK checks
[2025-10-17 18:03:17] [SUCCESS] ✅ Disable FK checks - SUCCESS (rows affected: 0)
[2025-10-17 18:03:17] [INFO] Executing: Add FK to route_locations
[2025-10-17 18:03:17] [SUCCESS] ✅ Add FK to route_locations - SUCCESS (rows affected: 0)
[2025-10-17 18:03:17] [INFO] Executing: Add FK to patients
[2025-10-17 18:03:17] [SUCCESS] ✅ Add FK to patients - SUCCESS (rows affected: 0)
[2025-10-17 18:03:18] [INFO] Executing: Add FK to users (created_by)
[2025-10-17 18:03:18] [SUCCESS] ✅ Add FK to users (created_by) - SUCCESS (rows affected: 0)
[2025-10-17 18:03:18] [INFO] Executing: Enable FK checks
[2025-10-17 18:03:18] [SUCCESS] ✅ Enable FK checks - SUCCESS (rows affected: 0)
[2025-10-17 18:03:18] [INFO] 
----------------------------------------------------------------------
[2025-10-17 18:03:18] [INFO] FIXING EXISTING DATA
[2025-10-17 18:03:18] [INFO] ----------------------------------------------------------------------
[2025-10-17 18:03:18] [INFO] Executing: Fix invalid status values
[2025-10-17 18:03:18] [SUCCESS] ✅ Fix invalid status values - SUCCESS (rows affected: 0)
[2025-10-17 18:03:18] [INFO] Executing: Clean empty booking_references
[2025-10-17 18:03:18] [SUCCESS] ✅ Clean empty booking_references - SUCCESS (rows affected: 0)
[2025-10-17 18:03:18] [INFO] Executing: Clean empty notes
[2025-10-17 18:03:18] [SUCCESS] ✅ Clean empty notes - SUCCESS (rows affected: 0)
[2025-10-17 18:03:18] [INFO] 
======================================================================
[2025-10-17 18:03:18] [INFO] DATA INTEGRITY CHECKS
[2025-10-17 18:03:18] [INFO] ======================================================================
[2025-10-17 18:03:18] [SUCCESS] ✅ Orphaned route_locations: OK
[2025-10-17 18:03:18] [SUCCESS] ✅ Orphaned patients: OK
[2025-10-17 18:03:18] [SUCCESS] ✅ Orphaned users (created_by): OK
[2025-10-17 18:03:18] [SUCCESS] ✅ Duplicate booking_references: OK
[2025-10-17 18:03:18] [SUCCESS] ✅ Appointments without route_location: OK
[2025-10-17 18:03:18] [INFO] 
======================================================================
[2025-10-17 18:03:18] [INFO] FINAL TABLE STRUCTURE
[2025-10-17 18:03:18] [INFO] ======================================================================
[2025-10-17 18:03:18] [INFO] 
Total columns: 15

[2025-10-17 18:03:18] [INFO]   id                             int                            NOT NULL                        
[2025-10-17 18:03:18] [INFO]   patient_id                     int                            NULL                            -- NULL until appointment is booked
[2025-10-17 18:03:18] [INFO]   route_location_id              int                            NOT NULL                        -- REQUIRED - links to route_locations
[2025-10-17 18:03:18] [INFO]   appointment_date               date                           NOT NULL                        
[2025-10-17 18:03:18] [INFO]   appointment_time               time                           NULL       DEFAULT 09:00:00     
[2025-10-17 18:03:18] [INFO]   booking_reference              varchar(50)                    NULL                            -- NULL until booking confirmed
[2025-10-17 18:03:18] [INFO]   status                         enum('Available','Booked','Confirmed','Completed','Cancelled','NoShow') NOT NULL   DEFAULT Available    -- Appointment status
[2025-10-17 18:03:18] [INFO]   appointment_type               varchar(100)                   NULL                            
[2025-10-17 18:03:18] [INFO]   created_by                     int                            NULL                            
[2025-10-17 18:03:18] [INFO]   notes                          text                           NULL                            
[2025-10-17 18:03:18] [INFO]   booked_via_portal              tinyint(1)                     NULL       DEFAULT 0            
[2025-10-17 18:03:18] [INFO]   confirmation_sent              tinyint(1)                     NULL       DEFAULT 0            
[2025-10-17 18:03:18] [INFO]   reminder_sent                  tinyint(1)                     NULL       DEFAULT 0            
[2025-10-17 18:03:18] [INFO]   created_at                     timestamp                      NULL       DEFAULT CURRENT_TIMESTAMP 
[2025-10-17 18:03:18] [INFO]   updated_at                     timestamp                      NULL       DEFAULT CURRENT_TIMESTAMP 
[2025-10-17 18:03:18] [INFO] 
======================================================================
[2025-10-17 18:03:18] [INFO] TABLE STATISTICS
[2025-10-17 18:03:18] [INFO] ======================================================================
[2025-10-17 18:03:18] [INFO]   Total appointments                  : 0
[2025-10-17 18:03:18] [INFO]   Available slots                     : 0
[2025-10-17 18:03:18] [INFO]   Booked appointments                 : 0
[2025-10-17 18:03:18] [INFO]   With booking reference              : 0
[2025-10-17 18:03:19] [INFO]   Without booking reference           : 0
[2025-10-17 18:03:19] [SUCCESS] 
======================================================================
[2025-10-17 18:03:19] [SUCCESS] MIGRATION COMPLETED SUCCESSFULLY! ✅
[2025-10-17 18:03:19] [SUCCESS] Operations completed: 19
[2025-10-17 18:03:19] [WARNING] Errors encountered: 1
[2025-10-17 18:03:19] [WARNING]   - Query failed: Fix appointment_duration default
Error 1054: 1054 (42S22): Unknown column 'appointment_duration' in 'patient_appointments'
[2025-10-17 18:03:19] [SUCCESS] ======================================================================
[2025-10-17 18:03:19] [INFO] Log file: schema_migration_20251017_180314.log
[2025-10-17 18:03:19] [INFO] Disconnected from database
